heaptrack output will be written to "/tmp/tmp.z0NQAjtw96/heaptrack.context_resolver_search-000667c4ef1d7a3e.2118279.zst"
/usr/lib/heaptrack/libheaptrack_preload.so
starting application, this might take some time...

running 1 test
compat_deleted_sqlite_success=1
compat_global_context_invocations=1
compat_global_response_count=1
compat_global_fact_total=13
compat_global_query_table_count=10
compat_global_query_field_count=2
compat_global_query_parameter_count=1
compat_table_id_response_count=1
compat_table_exact_response_count=1
compat_field_enum_count=2
compat_field_exact_count=1
compat_parameter_enum_count=1
compat_parameter_exact_count=1
compat_selector_projection_count=6
test tests::sdbl_compat_measurement_probe ... ok

test result: ok. 1 passed; 0 failed; 0 ignored; 0 measured; 34 filtered out; finished in 0.39s

heaptrack stats:
	allocations:          	12754
	leaked allocations:   	3
	temporary allocations:	2864
Heaptrack finished! Now run the following to investigate the data:

  heaptrack --analyze "/tmp/tmp.z0NQAjtw96/heaptrack.context_resolver_search-000667c4ef1d7a3e.2118279.zst"
