heaptrack output will be written to "/tmp/tmp.sI4wKCtSH4/heaptrack.context_resolver_search-000667c4ef1d7a3e.2118119.zst"
/usr/lib/heaptrack/libheaptrack_preload.so
starting application, this might take some time...

running 1 test
compat_deleted_sqlite_success=1
compat_global_context_invocations=1
compat_global_context_responses=1
compat_global_methods=3
compat_global_properties=1
compat_generated_self_responses=1
compat_exact_member_responses=1
compat_member_enum_responses=1
compat_callable_responses=1
compat_module_context_responses=1
compat_module_context_methods=3
compat_module_context_properties=1
compat_module_context_events=1
compat_module_event_responses=1
compat_availability_responses=1
compat_availability_contexts=0
compat_availability_since_present=0
test tests::bsl_compat_measurement_probe ... ok

test result: ok. 1 passed; 0 failed; 0 ignored; 0 measured; 32 filtered out; finished in 0.37s

heaptrack stats:
	allocations:          	12643
	leaked allocations:   	3
	temporary allocations:	2864
Heaptrack finished! Now run the following to investigate the data:

  heaptrack --analyze "/tmp/tmp.sI4wKCtSH4/heaptrack.context_resolver_search-000667c4ef1d7a3e.2118119.zst"
